WARNING: A restricted method in java.lang.System has been called
WARNING: java.lang.System::load has been called by net.rubygrapefruit.platform.internal.NativeLibraryLoader in an unnamed module (file:/Users/a/.gradle/wrapper/dists/gradle-8.10.2-bin/a04bxjujx95o3nb99gddekhwo/gradle-8.10.2/lib/native-platform-0.22-milestone-26.jar)
WARNING: Use --enable-native-access=ALL-UNNAMED to avoid a warning for callers in this module
WARNING: Restricted methods will be blocked in a future release unless native access is enabled

> Task :gradle-plugin:settings-plugin:checkKotlinGradlePluginConfigurationErrors SKIPPED
> Task :gradle-plugin:shared:checkKotlinGradlePluginConfigurationErrors SKIPPED
> Task :gradle-plugin:shared:compileKotlin UP-TO-DATE
> Task :gradle-plugin:shared:compileJava NO-SOURCE
> Task :gradle-plugin:shared:processResources NO-SOURCE
> Task :gradle-plugin:shared:classes UP-TO-DATE
> Task :gradle-plugin:shared:jar UP-TO-DATE
> Task :gradle-plugin:settings-plugin:compileKotlin UP-TO-DATE
> Task :gradle-plugin:settings-plugin:compileJava NO-SOURCE
> Task :gradle-plugin:settings-plugin:pluginDescriptors UP-TO-DATE
> Task :gradle-plugin:settings-plugin:processResources UP-TO-DATE
> Task :gradle-plugin:settings-plugin:classes UP-TO-DATE
> Task :gradle-plugin:settings-plugin:jar UP-TO-DATE

> Configure project :app
Build was configured to prefer settings repositories over project repositories but repository 'maven' was added by plugin 'com.facebook.react'
Build was configured to prefer settings repositories over project repositories but repository 'MavenRepo' was added by plugin 'com.facebook.react'
Build was configured to prefer settings repositories over project repositories but repository 'Google' was added by plugin 'com.facebook.react'
Build was configured to prefer settings repositories over project repositories but repository 'maven2' was added by plugin 'com.facebook.react'
Build was configured to prefer settings repositories over project repositories but repository 'maven' was added by plugin 'com.facebook.react'
Build was configured to prefer settings repositories over project repositories but repository 'MavenRepo' was added by plugin 'com.facebook.react'
Build was configured to prefer settings repositories over project repositories but repository 'Google' was added by plugin 'com.facebook.react'
Build was configured to prefer settings repositories over project repositories but repository 'maven2' was added by plugin 'com.facebook.react'
Build was configured to prefer settings repositories over project repositories but repository 'maven' was added by plugin 'com.facebook.react'
Build was configured to prefer settings repositories over project repositories but repository 'MavenRepo' was added by plugin 'com.facebook.react'
Build was configured to prefer settings repositories over project repositories but repository 'Google' was added by plugin 'com.facebook.react'
Build was configured to prefer settings repositories over project repositories but repository 'maven2' was added by plugin 'com.facebook.react'
Build was configured to prefer settings repositories over project repositories but repository 'maven' was added by plugin 'com.facebook.react'
Build was configured to prefer settings repositories over project repositories but repository 'MavenRepo' was added by plugin 'com.facebook.react'
Build was configured to prefer settings repositories over project repositories but repository 'Google' was added by plugin 'com.facebook.react'
Build was configured to prefer settings repositories over project repositories but repository 'maven2' was added by plugin 'com.facebook.react'
Build was configured to prefer settings repositories over project repositories but repository 'maven' was added by plugin 'com.facebook.react'
Build was configured to prefer settings repositories over project repositories but repository 'MavenRepo' was added by plugin 'com.facebook.react'
Build was configured to prefer settings repositories over project repositories but repository 'Google' was added by plugin 'com.facebook.react'
Build was configured to prefer settings repositories over project repositories but repository 'maven2' was added by plugin 'com.facebook.react'
Build was configured to prefer settings repositories over project repositories but repository 'maven' was added by plugin 'com.facebook.react'
Build was configured to prefer settings repositories over project repositories but repository 'MavenRepo' was added by plugin 'com.facebook.react'
Build was configured to prefer settings repositories over project repositories but repository 'Google' was added by plugin 'com.facebook.react'
Build was configured to prefer settings repositories over project repositories but repository 'maven2' was added by plugin 'com.facebook.react'
Build was configured to prefer settings repositories over project repositories but repository 'maven' was added by plugin 'com.facebook.react'
Build was configured to prefer settings repositories over project repositories but repository 'MavenRepo' was added by plugin 'com.facebook.react'
Build was configured to prefer settings repositories over project repositories but repository 'Google' was added by plugin 'com.facebook.react'
Build was configured to prefer settings repositories over project repositories but repository 'maven2' was added by plugin 'com.facebook.react'
Build was configured to prefer settings repositories over project repositories but repository 'maven' was added by plugin 'com.facebook.react'
Build was configured to prefer settings repositories over project repositories but repository 'MavenRepo' was added by plugin 'com.facebook.react'
Build was configured to prefer settings repositories over project repositories but repository 'Google' was added by plugin 'com.facebook.react'
Build was configured to prefer settings repositories over project repositories but repository 'maven2' was added by plugin 'com.facebook.react'
Build was configured to prefer settings repositories over project repositories but repository 'maven' was added by plugin 'com.facebook.react'
Build was configured to prefer settings repositories over project repositories but repository 'MavenRepo' was added by plugin 'com.facebook.react'
Build was configured to prefer settings repositories over project repositories but repository 'Google' was added by plugin 'com.facebook.react'
Build was configured to prefer settings repositories over project repositories but repository 'maven2' was added by plugin 'com.facebook.react'
Build was configured to prefer settings repositories over project repositories but repository 'maven' was added by plugin 'com.facebook.react'
Build was configured to prefer settings repositories over project repositories but repository 'MavenRepo' was added by plugin 'com.facebook.react'
Build was configured to prefer settings repositories over project repositories but repository 'Google' was added by plugin 'com.facebook.react'
Build was configured to prefer settings repositories over project repositories but repository 'maven2' was added by plugin 'com.facebook.react'
Build was configured to prefer settings repositories over project repositories but repository 'maven' was added by plugin 'com.facebook.react'
Build was configured to prefer settings repositories over project repositories but repository 'MavenRepo' was added by plugin 'com.facebook.react'
Build was configured to prefer settings repositories over project repositories but repository 'Google' was added by plugin 'com.facebook.react'
Build was configured to prefer settings repositories over project repositories but repository 'maven2' was added by plugin 'com.facebook.react'
Build was configured to prefer settings repositories over project repositories but repository 'maven' was added by plugin 'com.facebook.react'
Build was configured to prefer settings repositories over project repositories but repository 'MavenRepo' was added by plugin 'com.facebook.react'
Build was configured to prefer settings repositories over project repositories but repository 'Google' was added by plugin 'com.facebook.react'
Build was configured to prefer settings repositories over project repositories but repository 'maven2' was added by plugin 'com.facebook.react'
Build was configured to prefer settings repositories over project repositories but repository 'maven' was added by plugin 'com.facebook.react'
Build was configured to prefer settings repositories over project repositories but repository 'MavenRepo' was added by plugin 'com.facebook.react'
Build was configured to prefer settings repositories over project repositories but repository 'Google' was added by plugin 'com.facebook.react'
Build was configured to prefer settings repositories over project repositories but repository 'maven2' was added by plugin 'com.facebook.react'
Build was configured to prefer settings repositories over project repositories but repository 'maven' was added by plugin 'com.facebook.react'
Build was configured to prefer settings repositories over project repositories but repository 'MavenRepo' was added by plugin 'com.facebook.react'
Build was configured to prefer settings repositories over project repositories but repository 'Google' was added by plugin 'com.facebook.react'
Build was configured to prefer settings repositories over project repositories but repository 'maven2' was added by plugin 'com.facebook.react'
Build was configured to prefer settings repositories over project repositories but repository 'maven' was added by plugin 'com.facebook.react'
Build was configured to prefer settings repositories over project repositories but repository 'MavenRepo' was added by plugin 'com.facebook.react'
Build was configured to prefer settings repositories over project repositories but repository 'Google' was added by plugin 'com.facebook.react'
Build was configured to prefer settings repositories over project repositories but repository 'maven2' was added by plugin 'com.facebook.react'
Build was configured to prefer settings repositories over project repositories but repository 'maven' was added by plugin 'com.facebook.react'
Build was configured to prefer settings repositories over project repositories but repository 'MavenRepo' was added by plugin 'com.facebook.react'
Build was configured to prefer settings repositories over project repositories but repository 'Google' was added by plugin 'com.facebook.react'
Build was configured to prefer settings repositories over project repositories but repository 'maven2' was added by plugin 'com.facebook.react'
Build was configured to prefer settings repositories over project repositories but repository 'maven' was added by plugin 'com.facebook.react'
Build was configured to prefer settings repositories over project repositories but repository 'MavenRepo' was added by plugin 'com.facebook.react'
Build was configured to prefer settings repositories over project repositories but repository 'Google' was added by plugin 'com.facebook.react'
Build was configured to prefer settings repositories over project repositories but repository 'maven2' was added by plugin 'com.facebook.react'
Build was configured to prefer settings repositories over project repositories but repository 'maven' was added by plugin 'com.facebook.react'
Build was configured to prefer settings repositories over project repositories but repository 'MavenRepo' was added by plugin 'com.facebook.react'
Build was configured to prefer settings repositories over project repositories but repository 'Google' was added by plugin 'com.facebook.react'
Build was configured to prefer settings repositories over project repositories but repository 'maven2' was added by plugin 'com.facebook.react'
Build was configured to prefer settings repositories over project repositories but repository 'maven' was added by plugin 'com.facebook.react'
Build was configured to prefer settings repositories over project repositories but repository 'MavenRepo' was added by plugin 'com.facebook.react'
Build was configured to prefer settings repositories over project repositories but repository 'Google' was added by plugin 'com.facebook.react'
Build was configured to prefer settings repositories over project repositories but repository 'maven2' was added by plugin 'com.facebook.react'

> Configure project :lottie-react-native
Build was configured to prefer settings repositories over project repositories but repository 'Google2' was added by build file '../node_modules/lottie-react-native/android/build.gradle'
Build was configured to prefer settings repositories over project repositories but repository 'maven3' was added by build file '../node_modules/lottie-react-native/android/build.gradle'
Build was configured to prefer settings repositories over project repositories but repository 'MavenRepo2' was added by build file '../node_modules/lottie-react-native/android/build.gradle'

> Configure project :react-native-async-storage_async-storage
Build was configured to prefer settings repositories over project repositories but repository 'maven3' was added by build file '../node_modules/@react-native-async-storage/async-storage/android/build.gradle'
Build was configured to prefer settings repositories over project repositories but repository 'Google2' was added by build file '../node_modules/@react-native-async-storage/async-storage/android/build.gradle'
Build was configured to prefer settings repositories over project repositories but repository 'MavenRepo2' was added by build file '../node_modules/@react-native-async-storage/async-storage/android/build.gradle'

> Configure project :react-native-community_datetimepicker
Build was configured to prefer settings repositories over project repositories but repository 'Google2' was added by build file '../node_modules/@react-native-community/datetimepicker/android/build.gradle'
Build was configured to prefer settings repositories over project repositories but repository 'MavenLocal' was added by build file '../node_modules/@react-native-community/datetimepicker/android/build.gradle'
Build was configured to prefer settings repositories over project repositories but repository 'MavenRepo2' was added by build file '../node_modules/@react-native-community/datetimepicker/android/build.gradle'

> Configure project :react-native-firebase_app
:react-native-firebase_app package.json found at /Users/a/Desktop/Pryvo/node_modules/@react-native-firebase/app/package.json
Build was configured to prefer settings repositories over project repositories but repository 'Google2' was added by build file '../node_modules/@react-native-firebase/app/android/build.gradle'
Build was configured to prefer settings repositories over project repositories but repository 'MavenRepo2' was added by build file '../node_modules/@react-native-firebase/app/android/build.gradle'
:react-native-firebase_app:firebase.bom using default value: 33.5.1
:react-native-firebase_app:play.play-services-auth using default value: 21.2.0
:react-native-firebase_app package.json found at /Users/a/Desktop/Pryvo/node_modules/@react-native-firebase/app/package.json
:react-native-firebase_app:version set from package.json: 21.6.1 (21,6,1 - 21006001)
:react-native-firebase_app:android.compileSdk using custom value: 36
:react-native-firebase_app:android.targetSdk using custom value: 36
:react-native-firebase_app:android.minSdk using custom value: 24
Build was configured to prefer settings repositories over project repositories but repository 'react-native-firebase_app -> React Native sources' was added by build file '../node_modules/@react-native-firebase/app/android/build.gradle'
:react-native-firebase_app:reactNativeAndroidDir /Users/a/Desktop/Pryvo/node_modules/react-native/android

> Configure project :react-native-firebase_messaging
:react-native-firebase_messaging package.json found at /Users/a/Desktop/Pryvo/node_modules/@react-native-firebase/messaging/package.json
:react-native-firebase_app package.json found at /Users/a/Desktop/Pryvo/node_modules/@react-native-firebase/app/package.json
Build was configured to prefer settings repositories over project repositories but repository 'Google2' was added by build file '../node_modules/@react-native-firebase/messaging/android/build.gradle'
Build was configured to prefer settings repositories over project repositories but repository 'MavenRepo2' was added by build file '../node_modules/@react-native-firebase/messaging/android/build.gradle'
:react-native-firebase_messaging:firebase.bom using default value: 33.5.1
:react-native-firebase_messaging package.json found at /Users/a/Desktop/Pryvo/node_modules/@react-native-firebase/messaging/package.json
:react-native-firebase_messaging:version set from package.json: 21.6.1 (21,6,1 - 21006001)
:react-native-firebase_messaging:android.compileSdk using custom value: 36
:react-native-firebase_messaging:android.targetSdk using custom value: 36
:react-native-firebase_messaging:android.minSdk using custom value: 24
Build was configured to prefer settings repositories over project repositories but repository 'react-native-firebase_messaging -> React Native sources' was added by build file '../node_modules/@react-native-firebase/messaging/android/build.gradle'
:react-native-firebase_messaging:reactNativeAndroidDir /Users/a/Desktop/Pryvo/node_modules/react-native/android

> Configure project :react-native-gesture-handler
Build was configured to prefer settings repositories over project repositories but repository 'MavenRepo2' was added by build file '../node_modules/react-native-gesture-handler/android/build.gradle'

> Configure project :react-native-google-signin_google-signin
Build was configured to prefer settings repositories over project repositories but repository 'Google2' was added by build file '../node_modules/@react-native-google-signin/google-signin/android/build.gradle'
Build was configured to prefer settings repositories over project repositories but repository 'MavenLocal' was added by build file '../node_modules/@react-native-google-signin/google-signin/android/build.gradle'
Build was configured to prefer settings repositories over project repositories but repository 'MavenRepo2' was added by build file '../node_modules/@react-native-google-signin/google-signin/android/build.gradle'

> Configure project :react-native-image-crop-picker
Build was configured to prefer settings repositories over project repositories but repository 'maven3' was added by build file '../node_modules/react-native-image-crop-picker/android/build.gradle'
Build was configured to prefer settings repositories over project repositories but repository 'Google2' was added by build file '../node_modules/react-native-image-crop-picker/android/build.gradle'
Build was configured to prefer settings repositories over project repositories but repository 'MavenRepo2' was added by build file '../node_modules/react-native-image-crop-picker/android/build.gradle'

> Configure project :react-native-image-picker
Build was configured to prefer settings repositories over project repositories but repository 'maven3' was added by build file '../node_modules/react-native-image-picker/android/build.gradle'
Build was configured to prefer settings repositories over project repositories but repository 'MavenRepo2' was added by build file '../node_modules/react-native-image-picker/android/build.gradle'
Build was configured to prefer settings repositories over project repositories but repository 'Google2' was added by build file '../node_modules/react-native-image-picker/android/build.gradle'

> Configure project :react-native-linear-gradient
Build was configured to prefer settings repositories over project repositories but repository 'MavenLocal' was added by build file '../node_modules/react-native-linear-gradient/android/build.gradle'
Build was configured to prefer settings repositories over project repositories but repository 'MavenRepo2' was added by build file '../node_modules/react-native-linear-gradient/android/build.gradle'
Build was configured to prefer settings repositories over project repositories but repository 'maven3' was added by build file '../node_modules/react-native-linear-gradient/android/build.gradle'
Build was configured to prefer settings repositories over project repositories but repository 'maven4' was added by build file '../node_modules/react-native-linear-gradient/android/build.gradle'
Build was configured to prefer settings repositories over project repositories but repository 'Google2' was added by build file '../node_modules/react-native-linear-gradient/android/build.gradle'

> Configure project :react-native-masked-view_masked-view
Build was configured to prefer settings repositories over project repositories but repository 'Google2' was added by build file '../node_modules/@react-native-masked-view/masked-view/android/build.gradle'
Build was configured to prefer settings repositories over project repositories but repository 'maven3' was added by build file '../node_modules/@react-native-masked-view/masked-view/android/build.gradle'
Build was configured to prefer settings repositories over project repositories but repository 'MavenRepo2' was added by build file '../node_modules/@react-native-masked-view/masked-view/android/build.gradle'
Build was configured to prefer settings repositories over project repositories but repository 'maven4' was added by build file '../node_modules/@react-native-masked-view/masked-view/android/build.gradle'

> Configure project :react-native-reanimated
Android gradle plugin: 8.8.0
Gradle: 8.10.2
Build was configured to prefer settings repositories over project repositories but repository 'MavenRepo2' was added by build file '../node_modules/react-native-reanimated/android/build.gradle'
Build was configured to prefer settings repositories over project repositories but repository 'MavenLocal' was added by build file '../node_modules/react-native-reanimated/android/build.gradle'
Build was configured to prefer settings repositories over project repositories but repository 'maven3' was added by build file '../node_modules/react-native-reanimated/android/build.gradle'
Build was configured to prefer settings repositories over project repositories but repository 'maven4' was added by build file '../node_modules/react-native-reanimated/android/build.gradle'
Build was configured to prefer settings repositories over project repositories but repository 'Google2' was added by build file '../node_modules/react-native-reanimated/android/build.gradle'

> Configure project :react-native-safe-area-context
Build was configured to prefer settings repositories over project repositories but repository 'Google2' was added by build file '../node_modules/react-native-safe-area-context/android/build.gradle'
Build was configured to prefer settings repositories over project repositories but repository 'maven3' was added by build file '../node_modules/react-native-safe-area-context/android/build.gradle'
Build was configured to prefer settings repositories over project repositories but repository 'MavenRepo2' was added by build file '../node_modules/react-native-safe-area-context/android/build.gradle'

> Configure project :react-native-screens
Build was configured to prefer settings repositories over project repositories but repository 'maven3' was added by build file '../node_modules/react-native-screens/android/build.gradle'
Build was configured to prefer settings repositories over project repositories but repository 'MavenRepo2' was added by build file '../node_modules/react-native-screens/android/build.gradle'
Build was configured to prefer settings repositories over project repositories but repository 'MavenLocal' was added by build file '../node_modules/react-native-screens/android/build.gradle'
Build was configured to prefer settings repositories over project repositories but repository 'Google2' was added by build file '../node_modules/react-native-screens/android/build.gradle'

> Configure project :react-native-vector-icons
Build was configured to prefer settings repositories over project repositories but repository 'maven3' was added by build file '../node_modules/react-native-vector-icons/android/build.gradle'
Build was configured to prefer settings repositories over project repositories but repository 'MavenRepo2' was added by build file '../node_modules/react-native-vector-icons/android/build.gradle'
Build was configured to prefer settings repositories over project repositories but repository 'Google2' was added by build file '../node_modules/react-native-vector-icons/android/build.gradle'

> Configure project :stripe_stripe-react-native
Build was configured to prefer settings repositories over project repositories but repository 'MavenRepo2' was added by build file '../node_modules/@stripe/stripe-react-native/android/build.gradle'
Build was configured to prefer settings repositories over project repositories but repository 'Google2' was added by build file '../node_modules/@stripe/stripe-react-native/android/build.gradle'
WARNING: We recommend using a newer Android Gradle plugin to use compileSdk = 36

This Android Gradle plugin (8.8.0) was tested up to compileSdk = 35.

You are strongly encouraged to update your project to use a newer
Android Gradle plugin that has been tested with compileSdk = 36.

If you are already using the latest version of the Android Gradle plugin,
you may need to wait until a newer version with support for compileSdk = 36 is available.

For more information refer to the compatibility table:
https://d.android.com/r/tools/api-level-support

To suppress this warning, add/update
    android.suppressUnsupportedCompileSdk=36
to this project's gradle.properties.
WARNING: We recommend using a newer Android Gradle plugin to use compileSdk = 36

This Android Gradle plugin (8.8.0) was tested up to compileSdk = 35.

You are strongly encouraged to update your project to use a newer
Android Gradle plugin that has been tested with compileSdk = 36.

If you are already using the latest version of the Android Gradle plugin,
you may need to wait until a newer version with support for compileSdk = 36 is available.

For more information refer to the compatibility table:
https://d.android.com/r/tools/api-level-support

To suppress this warning, add/update
    android.suppressUnsupportedCompileSdk=36
to this project's gradle.properties.

> Task :app:copyFonts UP-TO-DATE
> Task :app:generateAutolinkingNewArchitectureFiles
> Task :app:generateAutolinkingPackageList
> Task :app:generateCodegenSchemaFromJavaScript SKIPPED
> Task :app:generateCodegenArtifactsFromSchema SKIPPED
> Task :app:preBuild
> Task :app:preDebugBuild
> Task :app:mergeDebugNativeDebugMetadata NO-SOURCE
> Task :app:checkKotlinGradlePluginConfigurationErrors SKIPPED
> Task :app:generateDebugBuildConfig
> Task :lottie-react-native:generateCodegenSchemaFromJavaScript
> Task :lottie-react-native:generateCodegenArtifactsFromSchema
> Task :lottie-react-native:preBuild
> Task :lottie-react-native:preDebugBuild
> Task :lottie-react-native:writeDebugAarMetadata
> Task :react-native-async-storage_async-storage:generateCodegenSchemaFromJavaScript
> Task :react-native-async-storage_async-storage:generateCodegenArtifactsFromSchema
> Task :react-native-async-storage_async-storage:preBuild
> Task :react-native-async-storage_async-storage:preDebugBuild
> Task :react-native-async-storage_async-storage:writeDebugAarMetadata
> Task :react-native-community_datetimepicker:generateCodegenSchemaFromJavaScript
> Task :react-native-community_datetimepicker:generateCodegenArtifactsFromSchema
> Task :react-native-community_datetimepicker:preBuild
> Task :react-native-community_datetimepicker:preDebugBuild
> Task :react-native-firebase_app:preBuild UP-TO-DATE
> Task :react-native-firebase_app:preDebugBuild UP-TO-DATE
> Task :react-native-community_datetimepicker:writeDebugAarMetadata
> Task :react-native-firebase_messaging:preBuild UP-TO-DATE
> Task :react-native-firebase_messaging:preDebugBuild UP-TO-DATE
> Task :react-native-firebase_app:writeDebugAarMetadata
> Task :react-native-geolocation-service:preBuild UP-TO-DATE
> Task :react-native-geolocation-service:preDebugBuild UP-TO-DATE
> Task :react-native-firebase_messaging:writeDebugAarMetadata
> Task :react-native-geolocation-service:writeDebugAarMetadata
> Task :react-native-gesture-handler:generateCodegenSchemaFromJavaScript
> Task :react-native-gesture-handler:generateCodegenArtifactsFromSchema
> Task :react-native-gesture-handler:preBuild
> Task :react-native-gesture-handler:preDebugBuild
> Task :react-native-gesture-handler:writeDebugAarMetadata
> Task :react-native-google-signin_google-signin:generateCodegenSchemaFromJavaScript
> Task :react-native-google-signin_google-signin:generateCodegenArtifactsFromSchema
> Task :react-native-google-signin_google-signin:preBuild
> Task :react-native-google-signin_google-signin:preDebugBuild
> Task :react-native-google-signin_google-signin:writeDebugAarMetadata
> Task :react-native-image-crop-picker:generateCodegenSchemaFromJavaScript
> Task :react-native-image-crop-picker:generateCodegenArtifactsFromSchema
> Task :react-native-image-crop-picker:preBuild
> Task :react-native-image-crop-picker:preDebugBuild
> Task :react-native-image-crop-picker:writeDebugAarMetadata
> Task :react-native-image-picker:generateCodegenSchemaFromJavaScript
> Task :react-native-image-picker:generateCodegenArtifactsFromSchema
> Task :react-native-image-picker:preBuild
> Task :react-native-image-picker:preDebugBuild
> Task :react-native-linear-gradient:preBuild UP-TO-DATE
> Task :react-native-linear-gradient:preDebugBuild UP-TO-DATE
> Task :react-native-image-picker:writeDebugAarMetadata
> Task :react-native-masked-view_masked-view:preBuild UP-TO-DATE
> Task :react-native-masked-view_masked-view:preDebugBuild UP-TO-DATE
> Task :react-native-linear-gradient:writeDebugAarMetadata
> Task :react-native-reanimated:assertMinimalReactNativeVersionTask SKIPPED
> Task :react-native-masked-view_masked-view:writeDebugAarMetadata
> Task :react-native-reanimated:generateCodegenSchemaFromJavaScript
> Task :react-native-reanimated:generateCodegenArtifactsFromSchema
> Task :react-native-reanimated:prepareReanimatedHeadersForPrefabs
> Task :react-native-reanimated:prepareWorkletsHeadersForPrefabs
> Task :react-native-reanimated:preBuild
> Task :react-native-reanimated:preDebugBuild
> Task :react-native-reanimated:writeDebugAarMetadata
> Task :react-native-safe-area-context:generateCodegenSchemaFromJavaScript
> Task :react-native-safe-area-context:generateCodegenArtifactsFromSchema
> Task :react-native-safe-area-context:preBuild
> Task :react-native-safe-area-context:preDebugBuild
> Task :react-native-safe-area-context:writeDebugAarMetadata
> Task :react-native-screens:generateCodegenSchemaFromJavaScript
> Task :react-native-screens:generateCodegenArtifactsFromSchema
> Task :react-native-screens:preBuild
> Task :react-native-screens:preDebugBuild
> Task :react-native-screens:writeDebugAarMetadata
> Task :react-native-vector-icons:generateCodegenSchemaFromJavaScript
> Task :react-native-vector-icons:generateCodegenArtifactsFromSchema
> Task :react-native-vector-icons:preBuild
> Task :react-native-vector-icons:preDebugBuild
> Task :react-native-vector-icons:writeDebugAarMetadata
> Task :stripe_stripe-react-native:generateCodegenSchemaFromJavaScript
> Task :stripe_stripe-react-native:generateCodegenArtifactsFromSchema
> Task :stripe_stripe-react-native:preBuild
> Task :stripe_stripe-react-native:preDebugBuild
> Task :stripe_stripe-react-native:writeDebugAarMetadata
> Task :app:generateDebugResValues
> Task :app:processDebugGoogleServices
> Task :lottie-react-native:generateDebugResValues
> Task :lottie-react-native:generateDebugResources
> Task :lottie-react-native:packageDebugResources
> Task :react-native-async-storage_async-storage:generateDebugResValues
> Task :react-native-async-storage_async-storage:generateDebugResources
> Task :react-native-async-storage_async-storage:packageDebugResources
> Task :react-native-community_datetimepicker:generateDebugResValues
> Task :react-native-community_datetimepicker:generateDebugResources
> Task :react-native-community_datetimepicker:packageDebugResources
> Task :react-native-firebase_app:generateDebugResValues
> Task :react-native-firebase_app:generateDebugResources
> Task :app:checkDebugAarMetadata FAILED
> Task :react-native-firebase_app:packageDebugResources
> Task :react-native-firebase_messaging:generateDebugResValues

FAILURE: Build failed with an exception.

* What went wrong:
Execution failed for task ':app:checkDebugAarMetadata'.
> A failure occurred while executing com.android.build.gradle.internal.tasks.CheckAarMetadataWorkAction
   > 2 issues were found when checking AAR metadata:
     
       1.  Dependency 'androidx.core:core-ktx:1.17.0' requires Android Gradle plugin 8.9.1 or higher.
     
           This build currently uses Android Gradle plugin 8.8.0.
     
       2.  Dependency 'androidx.core:core:1.17.0' requires Android Gradle plugin 8.9.1 or higher.
     
           This build currently uses Android Gradle plugin 8.8.0.

* Try:
> Run with --stacktrace option to get the stack trace.
> Run with --info or --debug option to get more log output.
> Run with --scan to get full insights.
> Get more help at https://help.gradle.org.

Deprecated Gradle features were used in this build, making it incompatible with Gradle 9.0.

You can use '--warning-mode all' to show the individual deprecation warnings and determine if they come from your own scripts or plugins.

For more on this, please refer to https://docs.gradle.org/8.10.2/userguide/command_line_interface.html#sec:command_line_warnings in the Gradle documentation.

BUILD FAILED in 14s
69 actionable tasks: 62 executed, 7 up-to-date
